  error - lib\features\analytics\screens\analytics_screen.dart:105:30 - Invalid constant value. - invalid_constant
  error - lib\features\analytics\screens\analytics_screen.dart:116:32 - Invalid constant value. - invalid_constant
  error - lib\features\analytics\screens\analytics_screen.dart:145:36 - Invalid constant value. - invalid_constant
  error - lib\features\analytics\screens\analytics_screen.dart:155:36 - Invalid constant value. - invalid_constant
  error - lib\features\analytics\screens\analytics_screen.dart:172:36 - Invalid constant value. - invalid_constant
  error - lib\features\analytics\screens\analytics_screen.dart:187:28 - Invalid constant value. - invalid_constant
  error - lib\features\analytics\screens\analytics_screen.dart:193:51 - Invalid constant value. - invalid_constant
  error - lib\features\analytics\screens\analytics_screen.dart:264:42 - Invalid constant value. - invalid_constant
  error - lib\features\analytics\screens\analytics_screen.dart:275:46 - Invalid constant value. - invalid_constant
  error - lib\features\analytics\screens\analytics_screen.dart:377:42 - Invalid constant value. - invalid_constant
  error - lib\features\analytics\screens\analytics_screen.dart:423:46 - Invalid constant value. - invalid_constant
  error - lib\features\analytics\screens\analytics_screen.dart:430:46 - Invalid constant value. - invalid_constant
  error - lib\features\analytics\screens\analytics_screen.dart:460:42 - Invalid constant value. - invalid_constant
  error - lib\features\analytics\screens\analytics_screen.dart:471:46 - Invalid constant value. - invalid_constant
  error - lib\features\analytics\screens\analytics_screen.dart:549:22 - Invalid constant value. - invalid_constant
  error - lib\features\auth\screens\auth_screen.dart:90:30 - Invalid constant value. - invalid_constant
  error - lib\features\auth\screens\auth_screen.dart:171:38 - Invalid constant value. - invalid_constant
  error - lib\features\auth\screens\auth_screen.dart:181:38 - Invalid constant value. - invalid_constant
  error - lib\features\auth\screens\auth_screen.dart:339:54 - Invalid constant value. - invalid_constant
  error - lib\features\auth\screens\auth_screen.dart:433:36 - Invalid constant value. - invalid_constant
  error - lib\features\auth\screens\auth_screen.dart:480:16 - Invalid constant value. - invalid_constant
  error - lib\features\budget\screens\budget_screen.dart:113:20 - Invalid constant value. - invalid_constant
  error - lib\features\budget\screens\budget_screen.dart:120:41 - Invalid constant value. - invalid_constant
  error - lib\features\budget\screens\budget_screen.dart:175:30 - Invalid constant value. - invalid_constant
  error - lib\features\budget\screens\budget_screen.dart:185:30 - Invalid constant value. - invalid_constant
  error - lib\features\budget\screens\budget_screen.dart:195:28 - Invalid constant value. - invalid_constant
  error - lib\features\budget\screens\budget_screen.dart:201:51 - Invalid constant value. - invalid_constant
  error - lib\features\budget\screens\budget_screen.dart:237:42 - Invalid constant value. - invalid_constant
  error - lib\features\budget\screens\budget_screen.dart:253:50 - Invalid constant value. - invalid_constant
  error - lib\features\budget\screens\budget_screen.dart:261:50 - Invalid constant value. - invalid_constant
  error - lib\features\budget\screens\budget_screen.dart:274:50 - Invalid constant value. - invalid_constant
  error - lib\features\budget\screens\budget_screen.dart:282:50 - Invalid constant value. - invalid_constant
  error - lib\features\budget\screens\budget_screen.dart:309:42 - Invalid constant value. - invalid_constant
  error - lib\features\budget\screens\budget_screen.dart:369:58 - Invalid constant value. - invalid_constant
  error - lib\features\budget\screens\budget_screen.dart:376:58 - Invalid constant value. - invalid_constant
  error - lib\features\dashboard\screens\dashboard_screen.dart:75:53 - Invalid constant value. - invalid_constant
  error - lib\features\dashboard\screens\dashboard_screen.dart:80:45 - Invalid constant value. - invalid_constant
  error - lib\features\dashboard\screens\dashboard_screen.dart:127:24 - Invalid constant value. - invalid_constant
  error - lib\features\dashboard\screens\dashboard_screen.dart:136:24 - Invalid constant value. - invalid_constant
  error - lib\features\dashboard\screens\dashboard_screen.dart:168:22 - Invalid constant value. - invalid_constant
  error - lib\features\dashboard\screens\dashboard_screen.dart:186:32 - Invalid constant value. - invalid_constant
  error - lib\features\dashboard\screens\dashboard_screen.dart:198:32 - Invalid constant value. - invalid_constant
  error - lib\features\dashboard\screens\dashboard_screen.dart:207:32 - Invalid constant value. - invalid_constant
  error - lib\features\dashboard\screens\dashboard_screen.dart:221:32 - Invalid constant value. - invalid_constant
  error - lib\features\dashboard\screens\dashboard_screen.dart:230:32 - Invalid constant value. - invalid_constant
  error - lib\features\dashboard\screens\dashboard_screen.dart:285:30 - Invalid constant value. - invalid_constant
  error - lib\features\dashboard\screens\dashboard_screen.dart:312:20 - Invalid constant value. - invalid_constant
  error - lib\features\dashboard\screens\dashboard_screen.dart:392:24 - Invalid constant value. - invalid_constant
  error - lib\features\dashboard\screens\dashboard_screen.dart:404:34 - Invalid constant value. - invalid_constant
  error - lib\features\dashboard\screens\dashboard_screen.dart:417:39 - Invalid constant value. - invalid_constant
  error - lib\features\dashboard\screens\dashboard_screen.dart:435:37 - Invalid constant value. - invalid_constant
  error - lib\features\dashboard\screens\dashboard_screen.dart:462:28 - Invalid constant value. - invalid_constant
  error - lib\features\dashboard\screens\dashboard_screen.dart:469:28 - Invalid constant value. - invalid_constant
  error - lib\features\dashboard\screens\dashboard_screen.dart:480:22 - Invalid constant value. - invalid_constant
  error - lib\features\dashboard\screens\dashboard_screen.dart:498:16 - Invalid constant value. - invalid_constant
  error - lib\features\settings\screens\edit_profile_screen.dart:36:28 - Invalid constant value. - invalid_constant
  error - lib\features\settings\screens\edit_profile_screen.dart:50:30 - Invalid constant value. - invalid_constant
  error - lib\features\settings\screens\edit_profile_screen.dart:81:20 - Invalid constant value. - invalid_constant
  error - lib\features\settings\screens\edit_profile_screen.dart:89:20 - Invalid constant value. - invalid_constant
  error - lib\features\settings\screens\edit_profile_screen.dart:130:32 - Invalid constant value. - invalid_constant
  error - lib\features\settings\screens\edit_profile_screen.dart:218:20 - Invalid constant value. - invalid_constant
  error - lib\features\settings\screens\settings_screen.dart:84:24 - Invalid constant value. - invalid_constant
  error - lib\features\settings\screens\settings_screen.dart:99:32 - Invalid constant value. - invalid_constant
  error - lib\features\settings\screens\settings_screen.dart:111:34 - Invalid constant value. - invalid_constant
  error - lib\features\settings\screens\settings_screen.dart:117:34 - Invalid constant value. - invalid_constant
  error - lib\features\settings\screens\settings_screen.dart:141:20 - Invalid constant value. - invalid_constant
  error - lib\features\settings\screens\settings_screen.dart:148:20 - Invalid constant value. - invalid_constant
  error - lib\features\settings\screens\settings_screen.dart:189:20 - Invalid constant value. - invalid_constant
  error - lib\features\settings\screens\settings_screen.dart:196:20 - Invalid constant value. - invalid_constant
  error - lib\features\settings\screens\settings_screen.dart:214:40 - Invalid constant value. - invalid_constant
  error - lib\features\settings\screens\settings_screen.dart:297:20 - Invalid constant value. - invalid_constant
  error - lib\features\settings\screens\settings_screen.dart:304:20 - Invalid constant value. - invalid_constant
  error - lib\features\settings\screens\settings_screen.dart:363:30 - Invalid constant value. - invalid_constant
  error - lib\features\settings\screens\settings_screen.dart:373:30 - Invalid constant value. - invalid_constant
  error - lib\features\settings\screens\settings_screen.dart:425:46 - Invalid constant value. - invalid_constant
  error - lib\features\settings\screens\settings_screen.dart:433:46 - Invalid constant value. - invalid_constant
  error - lib\features\settings\screens\settings_screen.dart:462:44 - Invalid constant value. - invalid_constant
  error - lib\features\settings\screens\settings_screen.dart:483:32 - Invalid constant value. - invalid_constant
  error - lib\features\settings\screens\settings_screen.dart:527:32 - Invalid constant value. - invalid_constant
  error - lib\features\settings\screens\settings_screen.dart:539:32 - Invalid constant value. - invalid_constant
  error - lib\features\settings\screens\settings_screen.dart:576:125 - Invalid constant value. - invalid_constant
  error - lib\features\settings\screens\settings_screen.dart:626:40 - Invalid constant value. - invalid_constant
  error - lib\features\settings\screens\settings_screen.dart:647:38 - Invalid constant value. - invalid_constant
  error - lib\features\settings\screens\settings_screen.dart:678:18 - Invalid constant value. - invalid_constant
  error - lib\features\settings\screens\settings_screen.dart:702:39 - Invalid constant value. - invalid_constant
  error - lib\features\settings\screens\settings_screen.dart:731:30 - Invalid constant value. - invalid_constant
  error - lib\features\settings\screens\settings_screen.dart:738:30 - Invalid constant value. - invalid_constant
  error - lib\features\transactions\screens\add_expense_screen.dart:50:24 - Invalid constant value. - invalid_constant
  error - lib\features\transactions\screens\add_expense_screen.dart:82:28 - Invalid constant value. - invalid_constant
  error - lib\features\transactions\screens\add_expense_screen.dart:93:28 - Invalid constant value. - invalid_constant
  error - lib\features\transactions\screens\add_expense_screen.dart:104:28 - Invalid constant value. - invalid_constant
  error - lib\features\transactions\screens\add_expense_screen.dart:134:30 - Invalid constant value. - invalid_constant
  error - lib\features\transactions\screens\add_expense_screen.dart:172:30 - Invalid constant value. - invalid_constant
  error - lib\features\transactions\screens\add_expense_screen.dart:182:30 - Invalid constant value. - invalid_constant
  error - lib\features\transactions\screens\add_expense_screen.dart:229:32 - Invalid constant value. - invalid_constant
  error - lib\features\transactions\screens\add_expense_screen.dart:274:42 - Invalid constant value. - invalid_constant
  error - lib\features\transactions\screens\add_expense_screen.dart:297:34 - Invalid constant value. - invalid_constant
  error - lib\features\transactions\screens\add_expense_screen.dart:365:34 - Invalid constant value. - invalid_constant
  error - lib\features\transactions\screens\add_expense_screen.dart:372:48 - Invalid constant value. - invalid_constant
  error - lib\features\transactions\screens\add_expense_screen.dart:407:40 - Invalid constant value. - invalid_constant
  error - lib\features\transactions\screens\add_expense_screen.dart:415:42 - Invalid constant value. - invalid_constant
  error - lib\features\transactions\screens\add_expense_screen.dart:444:40 - Invalid constant value. - invalid_constant
  error - lib\features\transactions\screens\transactions_screen.dart:95:24 - Invalid constant value. - invalid_constant
  error - lib\features\transactions\screens\transactions_screen.dart:103:24 - Invalid constant value. - invalid_constant
  error - lib\features\transactions\screens\transactions_screen.dart:121:24 - Invalid constant value. - invalid_constant
  error - lib\features\transactions\screens\transactions_screen.dart:138:46 - Invalid constant value. - invalid_constant
  error - lib\features\transactions\screens\transactions_screen.dart:144:53 - Invalid constant value. - invalid_constant
  error - lib\features\transactions\screens\transactions_screen.dart:200:32 - Invalid constant value. - invalid_constant
  error - lib\features\transactions\screens\transactions_screen.dart:212:32 - Invalid constant value. - invalid_constant
  error - lib\features\transactions\screens\transactions_screen.dart:228:47 - Invalid constant value. - invalid_constant
  error - lib\features\transactions\screens\transactions_screen.dart:234:28 - Invalid constant value. - invalid_constant
  error - lib\features\transactions\screens\transactions_screen.dart:307:28 - Invalid constant value. - invalid_constant
  error - lib\features\transactions\screens\transactions_screen.dart:314:44 - Invalid constant value. - invalid_constant
  error - lib\features\transactions\screens\transactions_screen.dart:326:34 - Invalid constant value. - invalid_constant
  error - lib\features\transactions\screens\transactions_screen.dart:349:40 - Invalid constant value. - invalid_constant
  error - lib\features\transactions\screens\transactions_screen.dart:393:41 - Invalid constant value. - invalid_constant
  error - lib\features\transactions\screens\transactions_screen.dart:424:32 - Invalid constant value. - invalid_constant
  error - lib\features\transactions\screens\transactions_screen.dart:431:32 - Invalid constant value. - invalid_constant
  error - lib\splash\splash_screen.dart:168:32 - Invalid constant value. - invalid_constant
  error - lib\splash\splash_screen.dart:183:30 - Invalid constant value. - invalid_constant
